 gcc -I. -I/Users/xiangzhi/workspace/zephir/soinc/ext -DPHP_ATOM_INC -I/Users/xiangzhi/workspace/zephir/soinc/ext/include -I/Users/xiangzhi/workspace/zephir/soinc/ext/main -I/Users/xiangzhi/workspace/zephir/soinc/ext -I/usr/include/php -I/usr/include/php/main -I/usr/include/php/TSRM -I/usr/include/php/Zend -I/usr/include/php/ext -I/usr/include/php/ext/date/lib -DHAVE_CONFIG_H -O2 -fvisibility=hidden -Wparentheses -flto -DZEPHIR_RELEASE=1 -c /Users/xiangzhi/workspace/zephir/soinc/ext/soinc/bootstrap.zep.c  -fno-common -DPIC -o soinc/.libs/bootstrap.o
rm -fr  .libs/soinc.la .libs/soinc.lai .libs/soinc.so .libs/soinc.so.dSYM
gcc ${wl}-flat_namespace ${wl}-undefined ${wl}suppress -o .libs/soinc.so -bundle  .libs/soinc.o kernel/.libs/main.o kernel/.libs/memory.o kernel/.libs/exception.o kernel/.libs/hash.o kernel/.libs/debug.o kernel/.libs/backtrace.o kernel/.libs/object.o kernel/.libs/array.o kernel/extended/.libs/array.o kernel/.libs/string.o kernel/.libs/fcall.o kernel/extended/.libs/fcall.o kernel/.libs/require.o kernel/.libs/file.o kernel/.libs/operators.o kernel/.libs/math.o kernel/.libs/concat.o kernel/.libs/variables.o kernel/.libs/filter.o kernel/.libs/iterator.o kernel/.libs/time.o kernel/.libs/exit.o soinc/logger/processor/.libs/abstractprocessor.o soinc/.libs/abstractmodule.o soinc/.libs/bootstrap.o soinc/db/.libs/mysql.o soinc/.libs/exception.o soinc/http/curl/.libs/extended.o soinc/http/request/.libs/extended.o soinc/logger/formatter/.libs/line.o soinc/logger/processor/.libs/trace.o soinc/model/.libs/model.o soinc/.libs/tools.o  
dsymutil .libs/soinc.so || :
creating soinc.la
(cd .libs && rm -f soinc.la && ln -s ../soinc.la soinc.la)
cp ./.libs/soinc.so /Users/xiangzhi/workspace/zephir/soinc/ext/modules/soinc.so
cp ./.libs/soinc.lai /Users/xiangzhi/workspace/zephir/soinc/ext/modules/soinc.la
----------------------------------------------------------------------
Libraries have been installed in:
   /Users/xiangzhi/workspace/zephir/soinc/ext/modules

If you ever happen to want to link against installed libraries
in a given directory, LIBDIR, you must either use libtool, and
specify the full pathname of the library, or use the `-LLIBDIR'
flag during linking and do at least one of the following:
   - add LIBDIR to the `DYLD_LIBRARY_PATH' environment variable
     during execution

See any operating system documentation about shared libraries for
more information, such as the ld(1) and ld.so(8) manual pages.
----------------------------------------------------------------------

Build complete.
Don't forget to run 'make test'.

Installing shared extensions:     /usr/lib/php/extensions/no-debug-non-zts-20121212/
Installing header files:          /usr/include/php/
